# YouTube
*youtube.com
*ytimg.com
*googlevideo.com
*youtu.be
*googleusercontent.com
*googleapis.com
*ggpht.com
*gstatic.com

# Insta
*instagram.com
*cdninstagram.com
*fbcdn.net

# OpenAI
*openai.com
*oaistatic.com
*chatgpt.com
*oaiusercontent.com

# Discord
*discord.com
*discordapp.net
*discordapp.com
*discord.gg
*discord.app
*discord.media
*discordcdn.com
*discord.dev
*discord.new
*discord.gift
*discordstatus.com
*dis.gd
*discord.co
*cloudflare-ech.com
66.22.0.1-66.22.254.254
35.0.0.1-35.254.254.254
34.0.0.1-34.254.254.254

# X
*x.com
*twitter.com
*twimg.com
*t.co
*twtrdns.net
*twitterinc.com
*twitter.co
*twttr.com
*twitterstat.us
*twitteroauth.com
*twitpic.com
*tweetdeck.com

# External Block
*intel.com
*tableau.com
*tableausoftware.com
*vertica.com
*radarr.video
*sonarr.tv
*lidarr.audio
*getoutline.com
*hub.docker.com
*registry-1.docker.io
*auth.docker.io
*oracle.com
*spotify.com
*pexels.com
*amazon.com

# Internal Block
*habr.com
*rutracker.org
*nnmclub.to
*kino.pub
*linkedin.com
*licdn.com
*medium.com
*kino.pub
*nnmclub.to

# Misc
*ipinfo.io
*speedtestcustom.com
*dns.google
*cloudflareinsights.com
*cloudflare.com
